// Jest Snapshot v1, https://goo.gl/fbAQLP

exports[`shoulde correctly render LoginPage 1`] = `""`;
